MPASM  5.51        PRACTICA 7 EJERCICIO 3.ASM   4-8-2020  14:27:20         PAGE  1


LOC  OBJECT CODE     LINE SOURCE TEXT
  VALUE

                      00001 ;PROGRAMA QUE COMPARA LOS VOLTAJES DE TRES POTENCIOMETROS CONECTADOS A LOS CANALES A0, A1, A2
                      00002 ;RESPECTIVAMENTE CON LAS SALIDAS EN EL PUERTO B QUE SE MUESTRAN:
                      00003 
                      00004 ;               _________________________________________________
                      00005 ;               SEÑAL                                           PB2             PB1             PB0
                      00006 ;               -------------------------       ----    ----    -----
                      00007 ;               VAR1 > VAR2 Y VAR3                        0               0               1
                      00008 ;               VAR2 > VAR1 Y VAR3                        0               1               1
                      00009 ;               VAR3 > VAR1 Y VAR2                        1               1               1
                      00010 ;               _________________________________________________
                      00011 
                      00012 
                      00013 #INCLUDE <P16F877A.INC>
                      00001         LIST
                      00002 
                      00003 ;==========================================================================
                      00004 ;  MPASM PIC16F877A processor include
                      00005 ; 
                      00006 ;  (c) Copyright 1999-2013 Microchip Technology, All rights reserved
                      00007 ;==========================================================================
                      00008 
                      00566         LIST
                      00014 ; Variables para el DELAY
  00000021            00015 valor1 equ h'21'
  00000022            00016 valor2 equ h'22'
  00000023            00017 valor3 equ h'23'
                      00018 
  00000010            00019 cte1 equ 10h 
  00000050            00020 cte2 equ 50h
  00000060            00021 cte3 equ 60h
                      00022 
  00000024            00023 PDEL0 EQU 0X24
                      00024 
  00000025            00025 VAR1 EQU 0X25                           ;VARIABLES PARA ALMACENAR LOS RESULTADOS DEL CAD
  00000026            00026 VAR2 EQU 0X26
  00000027            00027 VAR3 EQU 0X27
                      00028 
  00000028            00029 TEMP EQU 0X28
                      00030 
0000                  00031         ORG 0000H
0000   2805           00032         GOTO INICIO
0005                  00033         ORG 0005H
                      00034 
0005                  00035 INICIO 
0005   0185           00036         CLRF PORTA                              ;1.LIMPIA EL PUERTO A
0006   1683           00037         BSF STATUS,RP0                  ;2. CAMBIA AL BANCO 1
Message[302]: Register in operand not in bank 0.  Ensure that bank bits are correct.
0007   019F           00038         CLRF ADCON1                             ;3. CONFIGURA EL PUERTO A COMO ENTRADAS ANALOGICAS 
Message[302]: Register in operand not in bank 0.  Ensure that bank bits are correct.
0008   0186           00039         CLRF TRISB                              ; PUERTO B COMO SALIDAS
                      00040 
Message[302]: Register in operand not in bank 0.  Ensure that bank bits are correct.
0009   1518           00041         BSF TXSTA,BRGH
MPASM  5.51        PRACTICA 7 EJERCICIO 3.ASM   4-8-2020  14:27:20         PAGE  2


LOC  OBJECT CODE     LINE SOURCE TEXT
  VALUE

000A   3040           00042         MOVLW .64
Message[302]: Register in operand not in bank 0.  Ensure that bank bits are correct.
000B   0099           00043         MOVWF SPBRG
Message[302]: Register in operand not in bank 0.  Ensure that bank bits are correct.
000C   1218           00044         BCF TXSTA,SYNC
Message[302]: Register in operand not in bank 0.  Ensure that bank bits are correct.
000D   1698           00045         BSF TXSTA,TXEN
                      00046 
000E   1283           00047         BCF STATUS,RP0                  ; REGRESA AL BANCO 0
                      00048         
000F   1618           00049         BSF RCSTA,CREN
0010   1798           00050         BSF RCSTA,SPEN
0011   0186           00051         CLRF PORTB
                      00052         
0012   3041           00053         MOVLW B'1000001'
0013   009F           00054         MOVWF ADCON0                                    ; 4. SELECCIONA LA FUENTE DE RELOJ,CANAL Y ENCIE
                            NDE EL CAD 
                      00055 
0014                  00056 LOOP
0014   3030           00057         MOVLW '0'
0015   00A8           00058         MOVWF TEMP
0016   119F           00059         BCF ADCON0,3
0017   121F           00060         BCF ADCON0,4                                    ;SELECIONO EL CANAL 0
0018   204E           00061         CALL retardo                                    ;ESPERO 20 MICROSEGUNDOS
0019   204E           00062         CALL retardo
001A   151F           00063         BSF ADCON0,2                                    ;5. GO, COMIENZA LA CONVERSION DE AD
                      00064 
001B                  00065 ESPERA
001B   191F           00066         BTFSC ADCON0,2                          ;6. ESPERA A QUE TERMINE LA CONVERSION
001C   281B           00067         GOTO ESPERA 
001D   081E           00068         MOVF ADRESH,W                           ;7. LEER EL RESULDADO DE LA CONVERSION 
001E   00A5           00069         MOVWF VAR1                                      ;GUARDA EL VALOR EN VAR1
001F   159F           00070         BSF ADCON0,3                            ; CAMBIA AL CANAL 1
0020   204E           00071         CALL retardo                            ; ESPERO 20 MICROSEGUNDOS
0021   204E           00072         CALL retardo
0022   151F           00073         BSF ADCON0,2                            ; GO, COMIENZA CON LA CONVERSION AD
                      00074 
0023                  00075 ESPERA2
0023   191F           00076         BTFSC ADCON0,2                          ;ESPERA A QUE TERMINE LA CONVERSION 
0024   2823           00077         GOTO ESPERA2
0025   081E           00078         MOVF ADRESH,W
0026   00A6           00079         MOVWF VAR2                                      ;GUARDA EL VALOR EN VAR2
0027   119F           00080         BCF ADCON0,3
0028   161F           00081         BSF ADCON0,4                            ;CAMBIA AL CANAL 2
0029   204E           00082         CALL retardo
002A   204E           00083         CALL retardo
002B   151F           00084         BSF ADCON0,2                            ; GO
                      00085 
002C                  00086 ESPERA3 
002C   191F           00087         BTFSC ADCON0,2                          ;ESPERA A QUE TERMINE LA CONVERSION 
002D   282C           00088         GOTO ESPERA3
002E   081E           00089         MOVF ADRESH,W
002F   00A7           00090         MOVWF VAR3                                      ;GUARDA EL VALOR EN VAR3
MPASM  5.51        PRACTICA 7 EJERCICIO 3.ASM   4-8-2020  14:27:20         PAGE  3


LOC  OBJECT CODE     LINE SOURCE TEXT
  VALUE

0030   0826           00091         MOVF VAR2,W
0031   0225           00092         SUBWF VAR1,W                            ; W = VAR1 - VAR2
0032   1C03           00093         BTFSS STATUS,C                          ;¿VAR1 >= VAR2?, ¿ C= 1?
0033   283A           00094         GOTO _V2_V3_                            ; NO
0034   0827           00095         MOVF VAR3,W                                     ; SI
0035   0225           00096         SUBWF VAR1,W                            ; W = VAR1 - VAR3
0036   1C03           00097         BTFSS STATUS,C                          ; ¿ VAR1 >= VAR3?, ¿ C= 1?
0037   2842           00098         GOTO W_ES_7                             ; NO
0038   3001           00099         MOVLW 1                                         ; SI
0039   2845           00100         GOTO ENVIA
                      00101 
003A                  00102 _V2_V3_
003A   0827           00103         MOVF VAR3,W 
003B   0226           00104         SUBWF VAR2,W                            ; W = VAR2 - VAR3
003C   1C03           00105         BTFSS STATUS,C                          ; ¿ VAR2 >= VAR3 ?, ¿ C = 1 ?
003D   2842           00106         GOTO W_ES_7                                     ; NO
003E   3031           00107         MOVLW A'1'
003F   00A8           00108         MOVWF TEMP
0040   3003           00109         MOVLW 3
0041   2845           00110         GOTO ENVIA
                      00111 
0042                  00112 W_ES_7
0042   3032           00113         MOVLW A'2'
0043   00A8           00114         MOVWF TEMP
0044   3007           00115         MOVLW 7
                      00116 
0045                  00117 ENVIA
0045   0086           00118         MOVWF PORTB
0046   0828           00119         MOVF TEMP,W
0047   0099           00120         MOVWF TXREG
0048   1683           00121         BSF STATUS,RP0
                      00122 
0049                  00123 ESPERA_ENVIO
Message[302]: Register in operand not in bank 0.  Ensure that bank bits are correct.
0049   1C98           00124         BTFSS TXSTA,TRMT
004A   2849           00125         GOTO ESPERA_ENVIO
004B   1283           00126         BCF STATUS,RP0
004C   204E           00127         CALL retardo
004D   2814           00128         GOTO LOOP
004E   3010           00129 retardo movlw cte1   ;Rutina que genera un DELAY
004F   00A1           00130      movwf valor1
0050   00D0           00131 tres movwf cte2
0051   00A2           00132      movwf valor2
0052   3060           00133 dos  movlw cte3
0053   00A3           00134      movwf valor3
Message[305]: Using default destination of 1 (file).
0054   0BA3           00135 uno  decfsz valor3 
0055   2854           00136      goto uno 
Message[305]: Using default destination of 1 (file).
0056   0BA2           00137      decfsz valor2
0057   2852           00138      goto dos
Message[305]: Using default destination of 1 (file).
0058   0BA1           00139      decfsz valor1   
MPASM  5.51        PRACTICA 7 EJERCICIO 3.ASM   4-8-2020  14:27:20         PAGE  4


LOC  OBJECT CODE     LINE SOURCE TEXT
  VALUE

0059   2850           00140      goto tres
005A   0008           00141      return
                      00142      end
MPASM  5.51        PRACTICA 7 EJERCICIO 3.ASM   4-8-2020  14:27:20         PAGE  5


SYMBOL TABLE
  LABEL                             VALUE 

ACKDT                             00000005
ACKEN                             00000004
ACKSTAT                           00000006
ADCON0                            0000001F
ADCON1                            0000009F
ADCS0                             00000006
ADCS1                             00000007
ADCS2                             00000006
ADDEN                             00000003
ADFM                              00000007
ADIE                              00000006
ADIF                              00000006
ADON                              00000000
ADRESH                            0000001E
ADRESL                            0000009E
BCLIE                             00000003
BCLIF                             00000003
BF                                00000000
BRGH                              00000002
C                                 00000000
C1INV                             00000004
C1OUT                             00000006
C2INV                             00000005
C2OUT                             00000007
CCP1CON                           00000017
CCP1IE                            00000002
CCP1IF                            00000002
CCP1M0                            00000000
CCP1M1                            00000001
CCP1M2                            00000002
CCP1M3                            00000003
CCP1X                             00000005
CCP1Y                             00000004
CCP2CON                           0000001D
CCP2IE                            00000000
CCP2IF                            00000000
CCP2M0                            00000000
CCP2M1                            00000001
CCP2M2                            00000002
CCP2M3                            00000003
CCP2X                             00000005
CCP2Y                             00000004
CCPR1                             00000015
CCPR1H                            00000016
CCPR1L                            00000015
CCPR2                             0000001B
CCPR2H                            0000001C
CCPR2L                            0000001B
CHS0                              00000003
CHS1                              00000004
CHS2                              00000005
CIS                               00000003
CKE                               00000006
MPASM  5.51        PRACTICA 7 EJERCICIO 3.ASM   4-8-2020  14:27:20         PAGE  6


SYMBOL TABLE
  LABEL                             VALUE 

CKP                               00000004
CM0                               00000000
CM1                               00000001
CM2                               00000002
CMCON                             0000009C
CMIE                              00000006
CMIF                              00000006
CREN                              00000004
CSRC                              00000007
CVR0                              00000000
CVR1                              00000001
CVR2                              00000002
CVR3                              00000003
CVRCON                            0000009D
CVREN                             00000007
CVROE                             00000006
CVRR                              00000005
D                                 00000005
DATA_ADDRESS                      00000005
DC                                00000001
D_A                               00000005
D_NOT_A                           00000005
EEADR                             0000010D
EEADRH                            0000010F
EECON1                            0000018C
EECON2                            0000018D
EEDATA                            0000010C
EEDATH                            0000010E
EEIE                              00000004
EEIF                              00000004
EEPGD                             00000007
ENVIA                             00000045
ESPERA                            0000001B
ESPERA2                           00000023
ESPERA3                           0000002C
ESPERA_ENVIO                      00000049
F                                 00000001
FERR                              00000002
FSR                               00000004
GCEN                              00000007
GIE                               00000007
GO                                00000002
GO_DONE                           00000002
GO_NOT_DONE                       00000002
I2C_DATA                          00000005
I2C_READ                          00000002
I2C_START                         00000003
I2C_STOP                          00000004
IBF                               00000007
IBOV                              00000005
INDF                              00000000
INICIO                            00000005
INTCON                            0000000B
MPASM  5.51        PRACTICA 7 EJERCICIO 3.ASM   4-8-2020  14:27:20         PAGE  7


SYMBOL TABLE
  LABEL                             VALUE 

INTE                              00000004
INTEDG                            00000006
INTF                              00000001
IRP                               00000007
LOOP                              00000014
NOT_A                             00000005
NOT_ADDRESS                       00000005
NOT_BO                            00000000
NOT_BOR                           00000000
NOT_DONE                          00000002
NOT_PD                            00000003
NOT_POR                           00000001
NOT_RBPU                          00000007
NOT_RC8                           00000006
NOT_T1SYNC                        00000002
NOT_TO                            00000004
NOT_TX8                           00000006
NOT_W                             00000002
NOT_WRITE                         00000002
OBF                               00000006
OERR                              00000001
OPTION_REG                        00000081
P                                 00000004
PCFG0                             00000000
PCFG1                             00000001
PCFG2                             00000002
PCFG3                             00000003
PCL                               00000002
PCLATH                            0000000A
PCON                              0000008E
PDEL0                             00000024
PEIE                              00000006
PEN                               00000002
PIE1                              0000008C
PIE2                              0000008D
PIR1                              0000000C
PIR2                              0000000D
PORTA                             00000005
PORTB                             00000006
PORTC                             00000007
PORTD                             00000008
PORTE                             00000009
PR2                               00000092
PS0                               00000000
PS1                               00000001
PS2                               00000002
PSA                               00000003
PSPIE                             00000007
PSPIF                             00000007
PSPMODE                           00000004
R                                 00000002
RA0                               00000000
RA1                               00000001
MPASM  5.51        PRACTICA 7 EJERCICIO 3.ASM   4-8-2020  14:27:20         PAGE  8


SYMBOL TABLE
  LABEL                             VALUE 

RA2                               00000002
RA3                               00000003
RA4                               00000004
RA5                               00000005
RB0                               00000000
RB1                               00000001
RB2                               00000002
RB3                               00000003
RB4                               00000004
RB5                               00000005
RB6                               00000006
RB7                               00000007
RBIE                              00000003
RBIF                              00000000
RC0                               00000000
RC1                               00000001
RC2                               00000002
RC3                               00000003
RC4                               00000004
RC5                               00000005
RC6                               00000006
RC7                               00000007
RC8_9                             00000006
RC9                               00000006
RCD8                              00000000
RCEN                              00000003
RCIE                              00000005
RCIF                              00000005
RCREG                             0000001A
RCSTA                             00000018
RD                                00000000
RD0                               00000000
RD1                               00000001
RD2                               00000002
RD3                               00000003
RD4                               00000004
RD5                               00000005
RD6                               00000006
RD7                               00000007
RE0                               00000000
RE1                               00000001
RE2                               00000002
READ_WRITE                        00000002
RP0                               00000005
RP1                               00000006
RSEN                              00000001
RX9                               00000006
RX9D                              00000000
R_NOT_W                           00000002
R_W                               00000002
S                                 00000003
SEN                               00000000
SMP                               00000007
MPASM  5.51        PRACTICA 7 EJERCICIO 3.ASM   4-8-2020  14:27:20         PAGE  9


SYMBOL TABLE
  LABEL                             VALUE 

SPBRG                             00000099
SPEN                              00000007
SREN                              00000005
SSPADD                            00000093
SSPBUF                            00000013
SSPCON                            00000014
SSPCON2                           00000091
SSPEN                             00000005
SSPIE                             00000003
SSPIF                             00000003
SSPM0                             00000000
SSPM1                             00000001
SSPM2                             00000002
SSPM3                             00000003
SSPOV                             00000006
SSPSTAT                           00000094
STATUS                            00000003
SYNC                              00000004
T0CS                              00000005
T0IE                              00000005
T0IF                              00000002
T0SE                              00000004
T1CKPS0                           00000004
T1CKPS1                           00000005
T1CON                             00000010
T1INSYNC                          00000002
T1OSCEN                           00000003
T1SYNC                            00000002
T2CKPS0                           00000000
T2CKPS1                           00000001
T2CON                             00000012
TEMP                              00000028
TMR0                              00000001
TMR0IE                            00000005
TMR0IF                            00000002
TMR1                              0000000E
TMR1CS                            00000001
TMR1H                             0000000F
TMR1IE                            00000000
TMR1IF                            00000000
TMR1L                             0000000E
TMR1ON                            00000000
TMR2                              00000011
TMR2IE                            00000001
TMR2IF                            00000001
TMR2ON                            00000002
TOUTPS0                           00000003
TOUTPS1                           00000004
TOUTPS2                           00000005
TOUTPS3                           00000006
TRISA                             00000085
TRISA0                            00000000
TRISA1                            00000001
MPASM  5.51        PRACTICA 7 EJERCICIO 3.ASM   4-8-2020  14:27:20         PAGE 10


SYMBOL TABLE
  LABEL                             VALUE 

TRISA2                            00000002
TRISA3                            00000003
TRISA4                            00000004
TRISA5                            00000005
TRISB                             00000086
TRISB0                            00000000
TRISB1                            00000001
TRISB2                            00000002
TRISB3                            00000003
TRISB4                            00000004
TRISB5                            00000005
TRISB6                            00000006
TRISB7                            00000007
TRISC                             00000087
TRISC0                            00000000
TRISC1                            00000001
TRISC2                            00000002
TRISC3                            00000003
TRISC4                            00000004
TRISC5                            00000005
TRISC6                            00000006
TRISC7                            00000007
TRISD                             00000088
TRISD0                            00000000
TRISD1                            00000001
TRISD2                            00000002
TRISD3                            00000003
TRISD4                            00000004
TRISD5                            00000005
TRISD6                            00000006
TRISD7                            00000007
TRISE                             00000089
TRISE0                            00000000
TRISE1                            00000001
TRISE2                            00000002
TRMT                              00000001
TX8_9                             00000006
TX9                               00000006
TX9D                              00000000
TXD8                              00000000
TXEN                              00000005
TXIE                              00000004
TXIF                              00000004
TXREG                             00000019
TXSTA                             00000098
UA                                00000001
VAR1                              00000025
VAR2                              00000026
VAR3                              00000027
W                                 00000000
WCOL                              00000007
WR                                00000001
WREN                              00000002
MPASM  5.51        PRACTICA 7 EJERCICIO 3.ASM   4-8-2020  14:27:20         PAGE 11


SYMBOL TABLE
  LABEL                             VALUE 

WRERR                             00000003
W_ES_7                            00000042
Z                                 00000002
_BODEN_OFF                        00003FBF
_BODEN_ON                         00003FFF
_BOREN_OFF                        00003FBF
_BOREN_ON                         00003FFF
_CONFIG                           00002007
_CPD_OFF                          00003FFF
_CPD_ON                           00003EFF
_CP_ALL                           00001FFF
_CP_OFF                           00003FFF
_CP_ON                            00001FFF
_DEBUG_OFF                        00003FFF
_DEBUG_ON                         000037FF
_DEVID1                           00002006
_FOSC_EXTRC                       00003FFF
_FOSC_HS                          00003FFE
_FOSC_LP                          00003FFC
_FOSC_XT                          00003FFD
_HS_OSC                           00003FFE
_IDLOC0                           00002000
_IDLOC1                           00002001
_IDLOC2                           00002002
_IDLOC3                           00002003
_LP_OSC                           00003FFC
_LVP_OFF                          00003F7F
_LVP_ON                           00003FFF
_PWRTE_OFF                        00003FFF
_PWRTE_ON                         00003FF7
_RC_OSC                           00003FFF
_V2_V3_                           0000003A
_WDTE_OFF                         00003FFB
_WDTE_ON                          00003FFF
_WDT_OFF                          00003FFB
_WDT_ON                           00003FFF
_WRT_1FOURTH                      00003BFF
_WRT_256                          00003DFF
_WRT_HALF                         000039FF
_WRT_OFF                          00003FFF
_XT_OSC                           00003FFD
__16F877A                         00000001
cte1                              00000010
cte2                              00000050
cte3                              00000060
dos                               00000052
retardo                           0000004E
tres                              00000050
uno                               00000054
valor1                            00000021
valor2                            00000022
valor3                            00000023
MPASM  5.51        PRACTICA 7 EJERCICIO 3.ASM   4-8-2020  14:27:20         PAGE 12


MEMORY USAGE MAP ('X' = Used,  '-' = Unused)


0000 : X----XXXXXXXXXXX XXXXXXXXXXXXXXXX XXXXXXXXXXXXXXXX XXXXXXXXXXXXXXXX
0040 : XXXXXXXXXXXXXXXX XXXXXXXXXXX----- ---------------- ----------------

All other memory blocks unused.

Program Memory Words Used:    87
Program Memory Words Free:  8105


Errors   :     0
Warnings :     0 reported,     0 suppressed
Messages :    10 reported,     0 suppressed

