MPLINK 4.49, Linker
Linker Map File - Created Wed Apr 08 14:27:21 2020

                                 Section Info
                  Section       Type    Address   Location Size(Bytes)
                ---------  ---------  ---------  ---------  ---------
                   .org_0       code   0x000000    program   0x000000
                   .org_1       code   0x000000    program   0x000002
                   .org_2       code   0x000005    program   0x0000ac



                              Program Memory Usage 
                               Start         End      
                           ---------   ---------      
                            0x000000    0x000000      
                            0x000005    0x00005a      
            87 out of 8454 program addresses used, program memory utilization is 1%



                              Symbols - Sorted by Name
                     Name    Address   Location    Storage File                     
                ---------  ---------  ---------  --------- ---------                
                    ENVIA   0x000045    program     static C:\Users\Ponce\Downloads\Practica 7 micros\practica 7 ejercicio 3.asm
                   ESPERA   0x00001b    program     static C:\Users\Ponce\Downloads\Practica 7 micros\practica 7 ejercicio 3.asm
                  ESPERA2   0x000023    program     static C:\Users\Ponce\Downloads\Practica 7 micros\practica 7 ejercicio 3.asm
                  ESPERA3   0x00002c    program     static C:\Users\Ponce\Downloads\Practica 7 micros\practica 7 ejercicio 3.asm
             ESPERA_ENVIO   0x000049    program     static C:\Users\Ponce\Downloads\Practica 7 micros\practica 7 ejercicio 3.asm
                   INICIO   0x000005    program     static C:\Users\Ponce\Downloads\Practica 7 micros\practica 7 ejercicio 3.asm
                     LOOP   0x000014    program     static C:\Users\Ponce\Downloads\Practica 7 micros\practica 7 ejercicio 3.asm
                   W_ES_7   0x000042    program     static C:\Users\Ponce\Downloads\Practica 7 micros\practica 7 ejercicio 3.asm
                  _V2_V3_   0x00003a    program     static C:\Users\Ponce\Downloads\Practica 7 micros\practica 7 ejercicio 3.asm
                      dos   0x000052    program     static C:\Users\Ponce\Downloads\Practica 7 micros\practica 7 ejercicio 3.asm
                  retardo   0x00004e    program     static C:\Users\Ponce\Downloads\Practica 7 micros\practica 7 ejercicio 3.asm
                     tres   0x000050    program     static C:\Users\Ponce\Downloads\Practica 7 micros\practica 7 ejercicio 3.asm
                      uno   0x000054    program     static C:\Users\Ponce\Downloads\Practica 7 micros\practica 7 ejercicio 3.asm



                              Symbols - Sorted by Address
                     Name    Address   Location    Storage File                     
                ---------  ---------  ---------  --------- ---------                
                   INICIO   0x000005    program     static C:\Users\Ponce\Downloads\Practica 7 micros\practica 7 ejercicio 3.asm
                     LOOP   0x000014    program     static C:\Users\Ponce\Downloads\Practica 7 micros\practica 7 ejercicio 3.asm
                   ESPERA   0x00001b    program     static C:\Users\Ponce\Downloads\Practica 7 micros\practica 7 ejercicio 3.asm
                  ESPERA2   0x000023    program     static C:\Users\Ponce\Downloads\Practica 7 micros\practica 7 ejercicio 3.asm
                  ESPERA3   0x00002c    program     static C:\Users\Ponce\Downloads\Practica 7 micros\practica 7 ejercicio 3.asm
                  _V2_V3_   0x00003a    program     static C:\Users\Ponce\Downloads\Practica 7 micros\practica 7 ejercicio 3.asm
                   W_ES_7   0x000042    program     static C:\Users\Ponce\Downloads\Practica 7 micros\practica 7 ejercicio 3.asm
                    ENVIA   0x000045    program     static C:\Users\Ponce\Downloads\Practica 7 micros\practica 7 ejercicio 3.asm
             ESPERA_ENVIO   0x000049    program     static C:\Users\Ponce\Downloads\Practica 7 micros\practica 7 ejercicio 3.asm
                  retardo   0x00004e    program     static C:\Users\Ponce\Downloads\Practica 7 micros\practica 7 ejercicio 3.asm
                     tres   0x000050    program     static C:\Users\Ponce\Downloads\Practica 7 micros\practica 7 ejercicio 3.asm
                      dos   0x000052    program     static C:\Users\Ponce\Downloads\Practica 7 micros\practica 7 ejercicio 3.asm
                      uno   0x000054    program     static C:\Users\Ponce\Downloads\Practica 7 micros\practica 7 ejercicio 3.asm


